=== [17:35:56] starting chemistry_k10 ===
[r48] chemistry: loading r5 cache for 33528 authors
[r48] r5 cache released before fitting chemistry_k10
[r48] chemistry_k10: floor 0.4617 ci [-0.0701, -0.0161] branch B_SELF_PERSISTENCE_EQUIVALENT
=== [17:45:52] chemistry_k10 exit 0 ===
=== [17:45:52] starting chemistry_k15 ===
[r48] chemistry: loading r5 cache for 33528 authors
[r48] r5 cache released before fitting chemistry_k15
[r48] chemistry_k15: floor 0.3172 ci [-0.033, 0.0303] branch B_SELF_PERSISTENCE_EQUIVALENT
=== [17:51:07] chemistry_k15 exit 0 ===
=== [17:51:07] starting chemistry_k20 ===
[r48] chemistry: loading r5 cache for 33528 authors
[r48] r5 cache released before fitting chemistry_k20
[r48] chemistry_k20: floor 0.3293 ci [-0.0298, 0.036] branch B_SELF_PERSISTENCE_EQUIVALENT
=== [17:56:50] chemistry_k20 exit 0 ===
=== [17:56:50] starting chemistry_k10_ms0.2 ===
[r48] chemistry: loading r5 cache for 33528 authors
[r48] r5 cache released before fitting chemistry_k10_ms0.2
[r48] chemistry_k10_ms0.2: floor 0.4594 ci [-0.0663, -0.013] branch B_SELF_PERSISTENCE_EQUIVALENT
=== [18:02:21] chemistry_k10_ms0.2 exit 0 ===
=== [18:02:21] starting chemistry_k10_ms0.4 ===
[r48] chemistry: loading r5 cache for 33528 authors
[r48] r5 cache released before fitting chemistry_k10_ms0.4
[r48] chemistry_k10_ms0.4: floor 0.4108 ci [-0.0684, -0.0143] branch B_SELF_PERSISTENCE_EQUIVALENT
=== [18:08:18] chemistry_k10_ms0.4 exit 0 ===
ALL CHEMISTRY TOPK CELLS ATTEMPTED
